{"user_id": 23, "name": "Eoin Gallagher"}
{"user_id": 29, "name": "Oliver Ahearn"}
{"user_id": 30, "name": "Nick Enright"}
